// Jest Snapshot v1, https://goo.gl/fbAQLP

exports[`PageFooter renders as expected 1`] = `
<DocumentFragment>
  <div
    class="wrapper"
    data-testid="page-footer"
  >
    <footer
      class="container"
    >
      <section
        class="install"
      >
        <button
          class="button"
        >
          <img
            class="buttonIOS"
            src="apple.svg"
          />
        </button>
        <button
          class="button"
        >
          <img
            class="buttonAndroid"
            src="robot.svg"
          />
        </button>
      </section>
      <section
        class="social"
      >
        <ul>
          <li>
            <a
              href="#"
              rel="noopener noreferrer"
              target="_blank"
            >
              <img
                alt="Instagram"
                height="22"
                src="instagram.svg"
                width="22"
              />
            </a>
          </li>
          <li>
            <a
              href="#"
              rel="noopener noreferrer"
              target="_blank"
            >
              <img
                alt="Facebook"
                height="22"
                src="facebook.svg"
                width="22"
              />
            </a>
          </li>
          <li>
            <a
              href="#"
              rel="noopener noreferrer"
              target="_blank"
            >
              <img
                alt="Twitter"
                height="22"
                src="twitter.svg"
                width="27"
              />
            </a>
          </li>
          <li>
            <a
              href="#"
              rel="noopener noreferrer"
              target="_blank"
            >
              <img
                alt="TikTok"
                height="22"
                src="tiktok.svg"
                width="18"
              />
            </a>
          </li>
          <li>
            <a
              href="#"
              rel="noopener noreferrer"
              target="_blank"
            >
              <img
                alt="Pinterest"
                height="22"
                src="pinterest.svg"
                width="22"
              />
            </a>
          </li>
        </ul>
      </section>
      <section
        class="contacts"
      >
        <ul>
          <li>
            <a
              href="#"
            >
              Advertising Enquiries
            </a>
          </li>
          <li>
            <a
              href="#"
            >
              Press Enquiries
            </a>
          </li>
          <li>
            <a
              href="#"
            >
              Something else?
            </a>
          </li>
        </ul>
      </section>
      <section
        class="links"
      >
        <div>
          <ul>
            <li>
              <a
                href="#"
              >
                About us
              </a>
            </li>
            <li>
              <a
                href="#"
              >
                Blog
              </a>
            </li>
            <li>
              <a
                href="#"
              >
                Medical Review
              </a>
            </li>
            <li>
              <a
                href="#"
              >
                Guidelines
              </a>
            </li>
            <li>
              <a
                href="#"
              >
                Offers
              </a>
            </li>
            <li>
              <a
                href="#"
              >
                Start Her
              </a>
            </li>
            <li>
              <a
                href="#"
              >
                Shop
              </a>
            </li>
            <li>
              <a
                href="#"
              >
                Peanut News
              </a>
            </li>
            <li>
              <a
                href="#"
              >
                Careers
              </a>
            </li>
            <li>
              <a
                href="#"
              >
                Terms
              </a>
            </li>
            <li>
              <a
                href="#"
              >
                Privacy
              </a>
            </li>
            <li>
              <a
                href="#"
              >
                Sitemap
              </a>
            </li>
            <li>
              <a
                href="#"
              >
                Download
              </a>
            </li>
            <li>
              <a
                href="#"
              >
                Due Date Calculator
              </a>
            </li>
            <li>
              <a
                href="#"
              >
                Chinese Gender Predictor
              </a>
            </li>
            <li>
              <a
                href="#"
              >
                Ovulation Calculator
              </a>
            </li>
            <li>
               
            </li>
          </ul>
        </div>
      </section>
      <section
        class="language"
      >
        <ul>
          <li>
            <a
              class="selected"
              href="#"
            >
              English
            </a>
          </li>
          <li>
            <a
              href="#"
            >
              Spanish
            </a>
          </li>
        </ul>
      </section>
      <section
        class="copyright"
      >
        <div>
          © 2023 Peanut
        </div>
      </section>
    </footer>
  </div>
</DocumentFragment>
`;
